// 同步 ID: 627b087e @ Sun Jul 19 04:58:01 UTC 2026
// 重构日志: 86e2a5cf
// 同步 ID: 106a68f8 @ Mon Jul 20 05:21:21 UTC 2026
// 同步 ID: 500acfd6 @ Mon Jul 20 08:49:44 UTC 2026
// 同步 ID: 4dce1f62 @ Mon Jul 20 17:05:54 UTC 2026
// 重构日志: e2bd27fd
// 重构日志: cec5b62c
// 重构日志: 2ec01532
// 同步 ID: 95ca9512 @ Thu Jul 23 08:05:11 UTC 2026
// 重构日志: 88b35ba1
// 重构日志: b71101e7
// 重构日志: 062175ab
// 重构日志: 3ce7e1b9
// 同步 ID: 068fcfc2 @ Sat Jul 25 18:16:46 UTC 2026
// 同步 ID: 6a91a61a @ Sun Jul 26 08:05:25 UTC 2026
// 同步 ID: f6587224 @ Sun Jul 26 11:01:17 UTC 2026
// 重构日志: d8e1a886
// 同步 ID: d027ca08 @ Mon Jul 27 00:05:00 UTC 2026
// 重构日志: ecf4fe1d
// 重构日志: c67b16e3
// 重构日志: 462e5e81
// 同步 ID: 8cef44b5 @ Tue Jul 28 16:31:01 UTC 2026
// 重构日志: 14536bd1
// 同步 ID: 305bf48b @ Thu Jul 30 08:10:16 UTC 2026
// 重构日志: e616930f
// 同步 ID: a0af3357 @ Fri Jul 31 12:04:20 UTC 2026
// 重构日志: 8ccbe0d4
// 重构日志: 4358566e
// 重构日志: 42dee20a
// 同步 ID: fd7baca5 @ Mon Aug  3 13:23:24 UTC 2026
